2026-05-23 18:38:10 - [Supplier Login] Supplier Fresh Food Supplies Ltd logged in - IP: ::1
2026-05-23 18:47:26 - [Supplier Login] Supplier Fresh Food Supplies Ltd logged in - IP: ::1
2026-05-23 19:21:47 - [Supplier Login] Supplier cleanning material logged in - IP: ::1
2026-05-23 19:29:55 - [Supplier Login] Supplier cleanning material logged in - IP: ::1
2026-05-23 19:31:14 - [Supplier Mark Delivered] Marked PO #2 as delivered - IP: ::1
2026-05-24 15:48:46 - [Supplier Login] Supplier Fresh Food Supplies Ltd logged in - IP: ::1
2026-05-24 18:45:46 - [Supplier Login] Supplier cleanning material logged in - IP: ::1
2026-05-24 18:59:31 - [Supplier Login] Supplier cleanning material logged in - IP: ::1
2026-05-29 20:40:52 - [Supplier Login] Supplier cleanning material logged in - IP: ::1
2026-06-04 23:25:46 - [Supplier Login] Supplier cleanning material logged in - IP: ::1
2026-06-05 00:12:16 - [Supplier Update Profile] Updated profile for supplier: cleanning material - IP: ::1
2026-06-10 09:04:06 - [Supplier Login] Supplier cleanning material logged in - IP: ::1
2026-06-10 09:05:11 - [Supplier Login] Supplier cleanning material logged in - IP: ::1
2026-06-10 09:05:44 - [Supplier Login] Supplier cleanning material logged in - IP: ::1
2026-06-13 08:43:31 - [Supplier Login] Supplier cleanning material logged in - IP: ::1
2026-06-14 15:29:58 - [Supplier Login] Supplier Eletrical matirial logged in - IP: ::1
2026-06-14 17:31:32 - [Department User Login] Department user bamfu bamfu from Kitchen logged in - IP: ::1
2026-06-14 17:43:13 - [Department Login] Department user bamfu bamfu logged in - IP: ::1
2026-06-14 17:48:13 - [Department Login] Department user bamfu bamfu logged in - IP: ::1
2026-06-14 17:52:21 - [Department Login] Department user bamfu bamfu logged in - IP: ::1
2026-06-14 18:02:40 - [Supplier Login] Supplier Eletrical matirial logged in - IP: ::1
[2026-06-14 18:05:54] [staff] [Logout] User logged out - IP: ::1
[2026-06-14 18:06:14] [supplier] [Supplier Login] Supplier Eletrical matirial logged in - IP: ::1
[2026-06-14 18:06:19] [staff] [Logout] User logged out - IP: ::1
[2026-06-14 18:16:52] [supplier] [Supplier Login] Supplier Eletrical matirial logged in - IP: ::1
[2026-06-14 18:16:59] [staff] [Logout] User logged out - IP: ::1
[2026-06-14 18:17:16] [department] [Department Login] Department user bamfu bamfu logged in - IP: ::1
[2026-06-14 18:19:43] [department] [Department Login] Department user bamfu bamfu logged in - IP: 192.168.1.163
